// Jest Snapshot v1, https://goo.gl/fbAQLP

exports[`CallbackDetail renders the right text 1`] = `
Object {
  "asFragment": [Function],
  "baseElement": <body
    class="chakra-ui-light"
  >
    <div
      id="chakra-toast-portal"
    >
      <ul
        id="chakra-toast-manager-top"
        style="position: fixed; z-index: 5500; pointer-events: none; display: flex; flex-direction: column; margin: 0px auto; top: 0px; right: 0px; left: 0px;"
      />
      <ul
        id="chakra-toast-manager-top-left"
        style="position: fixed; z-index: 5500; pointer-events: none; display: flex; flex-direction: column; top: 0px; left: 0px;"
      />
      <ul
        id="chakra-toast-manager-top-right"
        style="position: fixed; z-index: 5500; pointer-events: none; display: flex; flex-direction: column; top: 0px; right: 0px;"
      />
      <ul
        id="chakra-toast-manager-bottom-left"
        style="position: fixed; z-index: 5500; pointer-events: none; display: flex; flex-direction: column; bottom: 0px; left: 0px;"
      />
      <ul
        id="chakra-toast-manager-bottom"
        style="position: fixed; z-index: 5500; pointer-events: none; display: flex; flex-direction: column; margin: 0px auto; bottom: 0px; right: 0px; left: 0px;"
      />
      <ul
        id="chakra-toast-manager-bottom-right"
        style="position: fixed; z-index: 5500; pointer-events: none; display: flex; flex-direction: column; bottom: 0px; right: 0px;"
      />
    </div>
    <div>
      <div
        class="css-127d6hh"
      >
        <div
          class="css-eof6gw"
        >
          <div
            class="css-4g6ai3"
          >
            <h2
              class="chakra-heading css-zey6tx"
            >
              Callback UI
            </h2>
          </div>
          <div
            class="css-0"
          >
            <button
              class="chakra-button css-1tjlhec"
              type="button"
            >
              Log out
            </button>
          </div>
        </div>
        <div
          class="css-y82d7d"
        >
          <div
            class="css-6sz6xx"
          >
            <div
              class="css-am8j60"
            >
              <div
                class="css-x1sij0"
              >
                <span
                  class="chakra-badge css-tjtztc"
                >
                  200
                </span>
                <div
                  class="css-1ii03pb"
                >
                  e8980029-04a0-4b9c-8c64-182c8a81cc43
                </div>
              </div>
              <h4
                class="css-y9r156"
              >
                Virtual Account:
                 
                <span
                  class="chakra-text css-tn1jlw"
                >
                  1234
                </span>
              </h4>
              <h4
                class="css-88sfl1"
              >
                Bank Code:
                 
                <span
                  class="chakra-text css-tn1jlw"
                >
                  BANK_ABC
                </span>
              </h4>
              <h4
                class="css-88sfl1"
              >
                Timestamp:
                 
                <span
                  class="chakra-text css-tn1jlw"
                >
                  2021-02-18T03:13:01.411Z
                </span>
              </h4>
              <h4
                class="css-88sfl1"
              >
                Transaction ID:
                 
                <span
                  class="chakra-text css-tn1jlw"
                >
                  123
                </span>
              </h4>
              <h4
                class="css-88sfl1"
              >
                Business Code:
                 
                <span
                  class="chakra-text css-tn1jlw"
                >
                  270cd61d-1965-4ed2-bbf3-a91425a030b8
                </span>
              </h4>
              <div
                class="css-1ror4vt"
              />
            </div>
          </div>
        </div>
      </div>
    </div>
  </body>,
  "container": <div>
    <div
      class="css-127d6hh"
    >
      <div
        class="css-eof6gw"
      >
        <div
          class="css-4g6ai3"
        >
          <h2
            class="chakra-heading css-zey6tx"
          >
            Callback UI
          </h2>
        </div>
        <div
          class="css-0"
        >
          <button
            class="chakra-button css-1tjlhec"
            type="button"
          >
            Log out
          </button>
        </div>
      </div>
      <div
        class="css-y82d7d"
      >
        <div
          class="css-6sz6xx"
        >
          <div
            class="css-am8j60"
          >
            <div
              class="css-x1sij0"
            >
              <span
                class="chakra-badge css-tjtztc"
              >
                200
              </span>
              <div
                class="css-1ii03pb"
              >
                e8980029-04a0-4b9c-8c64-182c8a81cc43
              </div>
            </div>
            <h4
              class="css-y9r156"
            >
              Virtual Account:
               
              <span
                class="chakra-text css-tn1jlw"
              >
                1234
              </span>
            </h4>
            <h4
              class="css-88sfl1"
            >
              Bank Code:
               
              <span
                class="chakra-text css-tn1jlw"
              >
                BANK_ABC
              </span>
            </h4>
            <h4
              class="css-88sfl1"
            >
              Timestamp:
               
              <span
                class="chakra-text css-tn1jlw"
              >
                2021-02-18T03:13:01.411Z
              </span>
            </h4>
            <h4
              class="css-88sfl1"
            >
              Transaction ID:
               
              <span
                class="chakra-text css-tn1jlw"
              >
                123
              </span>
            </h4>
            <h4
              class="css-88sfl1"
            >
              Business Code:
               
              <span
                class="chakra-text css-tn1jlw"
              >
                270cd61d-1965-4ed2-bbf3-a91425a030b8
              </span>
            </h4>
            <div
              class="css-1ror4vt"
            />
          </div>
        </div>
      </div>
    </div>
  </div>,
  "debug": [Function],
  "findAllByAltText": [Function],
  "findAllByDisplayValue": [Function],
  "findAllByLabelText": [Function],
  "findAllByPlaceholderText": [Function],
  "findAllByRole": [Function],
  "findAllByTestId": [Function],
  "findAllByText": [Function],
  "findAllByTitle": [Function],
  "findByAltText": [Function],
  "findByDisplayValue": [Function],
  "findByLabelText": [Function],
  "findByPlaceholderText": [Function],
  "findByRole": [Function],
  "findByTestId": [Function],
  "findByText": [Function],
  "findByTitle": [Function],
  "getAllByAltText": [Function],
  "getAllByDisplayValue": [Function],
  "getAllByLabelText": [Function],
  "getAllByPlaceholderText": [Function],
  "getAllByRole": [Function],
  "getAllByTestId": [Function],
  "getAllByText": [Function],
  "getAllByTitle": [Function],
  "getByAltText": [Function],
  "getByDisplayValue": [Function],
  "getByLabelText": [Function],
  "getByPlaceholderText": [Function],
  "getByRole": [Function],
  "getByTestId": [Function],
  "getByText": [Function],
  "getByTitle": [Function],
  "queryAllByAltText": [Function],
  "queryAllByDisplayValue": [Function],
  "queryAllByLabelText": [Function],
  "queryAllByPlaceholderText": [Function],
  "queryAllByRole": [Function],
  "queryAllByTestId": [Function],
  "queryAllByText": [Function],
  "queryAllByTitle": [Function],
  "queryByAltText": [Function],
  "queryByDisplayValue": [Function],
  "queryByLabelText": [Function],
  "queryByPlaceholderText": [Function],
  "queryByRole": [Function],
  "queryByTestId": [Function],
  "queryByText": [Function],
  "queryByTitle": [Function],
  "rerender": [Function],
  "unmount": [Function],
}
`;
